Archive member included because of file (symbol)

/usr/local/CrossPack-AVR-20100115/lib/gcc/avr/4.3.3/avr5/libgcc.a(_mulsi3.o)
                              microfat2.o (__mulsi3)
/usr/local/CrossPack-AVR-20100115/lib/gcc/avr/4.3.3/avr5/libgcc.a(_divmodhi4.o)
                              Doomed.o (__divmodhi4)
/usr/local/CrossPack-AVR-20100115/lib/gcc/avr/4.3.3/avr5/libgcc.a(_udivmodsi4.o)
                              Doomed.o (__udivmodsi4)
/usr/local/CrossPack-AVR-20100115/lib/gcc/avr/4.3.3/avr5/libgcc.a(_divmodsi4.o)
                              Doomed.o (__divmodsi4)
/usr/local/CrossPack-AVR-20100115/lib/gcc/avr/4.3.3/avr5/libgcc.a(_exit.o)
                              /usr/local/CrossPack-AVR-20100115/lib/gcc/avr/4.3.3/../../../../avr/lib/avr5/crtm32u4.o (exit)
/usr/local/CrossPack-AVR-20100115/lib/gcc/avr/4.3.3/avr5/libgcc.a(_copy_data.o)
                              Application.o (__do_copy_data)
/usr/local/CrossPack-AVR-20100115/lib/gcc/avr/4.3.3/avr5/libgcc.a(_clear_bss.o)
                              mmc.o (__do_clear_bss)
/usr/local/CrossPack-AVR-20100115/lib/gcc/avr/4.3.3/avr5/libgcc.a(_udivmodhi4.o)
                              /usr/local/CrossPack-AVR-20100115/lib/gcc/avr/4.3.3/avr5/libgcc.a(_divmodhi4.o) (__udivmodhi4)
/usr/local/CrossPack-AVR-20100115/lib/gcc/avr/4.3.3/../../../../avr/lib/avr5/libc.a(strcpy.o)
                              Application.o (strcpy)
/usr/local/CrossPack-AVR-20100115/lib/gcc/avr/4.3.3/../../../../avr/lib/avr5/libc.a(strncpy.o)
                              Application.o (strncpy)

Discarded input sections

 .data          0x00000000        0x0 /usr/local/CrossPack-AVR-20100115/lib/gcc/avr/4.3.3/../../../../avr/lib/avr5/crtm32u4.o
 .bss           0x00000000        0x0 /usr/local/CrossPack-AVR-20100115/lib/gcc/avr/4.3.3/../../../../avr/lib/avr5/crtm32u4.o
 .text          0x00000000        0x0 Nanotouch.o
 .data          0x00000000        0x0 Nanotouch.o
 .bss           0x00000000        0x0 Nanotouch.o
 .text          0x00000000        0x0 OLED.o
 .data          0x00000000        0x0 OLED.o
 .bss           0x00000000        0x0 OLED.o
 .text._Z7DataOuth
                0x00000000        0x0 OLED.o
 .text._Z13OLED_draw_imghhhhPKh
                0x00000000        0x0 OLED.o
 .text._Z4Linehhhhhhh
                0x00000000        0x0 OLED.o
 .text          0x00000000        0x0 mmc.o
 .data          0x00000000        0x0 mmc.o
 .text._ZN3mmc12writeSectorsEPKhmh
                0x00000000        0x0 mmc.o
 .text          0x00000000        0x0 microfat2.o
 .data          0x00000000        0x0 microfat2.o
 .text._ZN9microfat218getFileInformationEP17directory_entry_tRmS2_
                0x00000000        0x0 microfat2.o
 .text          0x00000000        0x0 Application.o
 .text          0x00000000        0x0 File.o
 .data          0x00000000        0x0 File.o
 .bss           0x00000000        0x0 File.o
 .text._ZN4FileC2Ev
                0x00000000        0x0 File.o
 .text._ZN4File7OpenMemEPKh
                0x00000000        0x0 File.o
 .text._ZN4File6GetPosEv
                0x00000000        0x0 File.o
 .text._ZN4File4SkipEi
                0x00000000        0x0 File.o
 .text          0x00000000        0x0 Tunnel.o
 .data          0x00000000        0x0 Tunnel.o
 .text          0x00000000        0x0 Doomed.o
 .data          0x00000000        0x0 Doomed.o
 .text._Z4MUL8sl
                0x00000000        0x0 Doomed.o
 .text          0x00000000        0x0 /usr/local/CrossPack-AVR-20100115/lib/gcc/avr/4.3.3/avr5/libgcc.a(_mulsi3.o)
 .data          0x00000000        0x0 /usr/local/CrossPack-AVR-20100115/lib/gcc/avr/4.3.3/avr5/libgcc.a(_mulsi3.o)
 .bss           0x00000000        0x0 /usr/local/CrossPack-AVR-20100115/lib/gcc/avr/4.3.3/avr5/libgcc.a(_mulsi3.o)
 .text          0x00000000        0x0 /usr/local/CrossPack-AVR-20100115/lib/gcc/avr/4.3.3/avr5/libgcc.a(_divmodhi4.o)
 .data          0x00000000        0x0 /usr/local/CrossPack-AVR-20100115/lib/gcc/avr/4.3.3/avr5/libgcc.a(_divmodhi4.o)
 .bss           0x00000000        0x0 /usr/local/CrossPack-AVR-20100115/lib/gcc/avr/4.3.3/avr5/libgcc.a(_divmodhi4.o)
 .text          0x00000000        0x0 /usr/local/CrossPack-AVR-20100115/lib/gcc/avr/4.3.3/avr5/libgcc.a(_udivmodsi4.o)
 .data          0x00000000        0x0 /usr/local/CrossPack-AVR-20100115/lib/gcc/avr/4.3.3/avr5/libgcc.a(_udivmodsi4.o)
 .bss           0x00000000        0x0 /usr/local/CrossPack-AVR-20100115/lib/gcc/avr/4.3.3/avr5/libgcc.a(_udivmodsi4.o)
 .text          0x00000000        0x0 /usr/local/CrossPack-AVR-20100115/lib/gcc/avr/4.3.3/avr5/libgcc.a(_divmodsi4.o)
 .data          0x00000000        0x0 /usr/local/CrossPack-AVR-20100115/lib/gcc/avr/4.3.3/avr5/libgcc.a(_divmodsi4.o)
 .bss           0x00000000        0x0 /usr/local/CrossPack-AVR-20100115/lib/gcc/avr/4.3.3/avr5/libgcc.a(_divmodsi4.o)
 .text          0x00000000        0x0 /usr/local/CrossPack-AVR-20100115/lib/gcc/avr/4.3.3/avr5/libgcc.a(_exit.o)
 .data          0x00000000        0x0 /usr/local/CrossPack-AVR-20100115/lib/gcc/avr/4.3.3/avr5/libgcc.a(_exit.o)
 .bss           0x00000000        0x0 /usr/local/CrossPack-AVR-20100115/lib/gcc/avr/4.3.3/avr5/libgcc.a(_exit.o)
 .text.libgcc   0x00000000        0x0 /usr/local/CrossPack-AVR-20100115/lib/gcc/avr/4.3.3/avr5/libgcc.a(_exit.o)
 .text          0x00000000        0x0 /usr/local/CrossPack-AVR-20100115/lib/gcc/avr/4.3.3/avr5/libgcc.a(_copy_data.o)
 .data          0x00000000        0x0 /usr/local/CrossPack-AVR-20100115/lib/gcc/avr/4.3.3/avr5/libgcc.a(_copy_data.o)
 .bss           0x00000000        0x0 /usr/local/CrossPack-AVR-20100115/lib/gcc/avr/4.3.3/avr5/libgcc.a(_copy_data.o)
 .text.libgcc   0x00000000        0x0 /usr/local/CrossPack-AVR-20100115/lib/gcc/avr/4.3.3/avr5/libgcc.a(_copy_data.o)
 .text          0x00000000        0x0 /usr/local/CrossPack-AVR-20100115/lib/gcc/avr/4.3.3/avr5/libgcc.a(_clear_bss.o)
 .data          0x00000000        0x0 /usr/local/CrossPack-AVR-20100115/lib/gcc/avr/4.3.3/avr5/libgcc.a(_clear_bss.o)
 .bss           0x00000000        0x0 /usr/local/CrossPack-AVR-20100115/lib/gcc/avr/4.3.3/avr5/libgcc.a(_clear_bss.o)
 .text.libgcc   0x00000000        0x0 /usr/local/CrossPack-AVR-20100115/lib/gcc/avr/4.3.3/avr5/libgcc.a(_clear_bss.o)
 .text          0x00000000        0x0 /usr/local/CrossPack-AVR-20100115/lib/gcc/avr/4.3.3/avr5/libgcc.a(_udivmodhi4.o)
 .data          0x00000000        0x0 /usr/local/CrossPack-AVR-20100115/lib/gcc/avr/4.3.3/avr5/libgcc.a(_udivmodhi4.o)
 .bss           0x00000000        0x0 /usr/local/CrossPack-AVR-20100115/lib/gcc/avr/4.3.3/avr5/libgcc.a(_udivmodhi4.o)
 .text          0x00000000        0x0 /usr/local/CrossPack-AVR-20100115/lib/gcc/avr/4.3.3/../../../../avr/lib/avr5/libc.a(strcpy.o)
 .data          0x00000000        0x0 /usr/local/CrossPack-AVR-20100115/lib/gcc/avr/4.3.3/../../../../avr/lib/avr5/libc.a(strcpy.o)
 .bss           0x00000000        0x0 /usr/local/CrossPack-AVR-20100115/lib/gcc/avr/4.3.3/../../../../avr/lib/avr5/libc.a(strcpy.o)
 .text          0x00000000        0x0 /usr/local/CrossPack-AVR-20100115/lib/gcc/avr/4.3.3/../../../../avr/lib/avr5/libc.a(strncpy.o)
 .data          0x00000000        0x0 /usr/local/CrossPack-AVR-20100115/lib/gcc/avr/4.3.3/../../../../avr/lib/avr5/libc.a(strncpy.o)
 .bss           0x00000000        0x0 /usr/local/CrossPack-AVR-20100115/lib/gcc/avr/4.3.3/../../../../avr/lib/avr5/libc.a(strncpy.o)

Memory Configuration

Name             Origin             Length             Attributes
text             0x00000000         0x00020000         xr
data             0x00800060         0x0000ffa0         rw !x
eeprom           0x00810000         0x00010000         rw !x
fuse             0x00820000         0x00000400         rw !x
lock             0x00830000         0x00000400         rw !x
signature        0x00840000         0x00000400         rw !x
*default*        0x00000000         0xffffffff

Linker script and memory map

Address of section .data set to 0x800100
LOAD /usr/local/CrossPack-AVR-20100115/lib/gcc/avr/4.3.3/../../../../avr/lib/avr5/crtm32u4.o
LOAD Nanotouch.o
LOAD OLED.o
LOAD mmc.o
LOAD microfat2.o
LOAD Application.o
LOAD File.o
LOAD Tunnel.o
LOAD Doomed.o
LOAD /usr/local/CrossPack-AVR-20100115/lib/gcc/avr/4.3.3/avr5/libgcc.a
LOAD /usr/local/CrossPack-AVR-20100115/lib/gcc/avr/4.3.3/../../../../avr/lib/avr5/libc.a
LOAD /usr/local/CrossPack-AVR-20100115/lib/gcc/avr/4.3.3/avr5/libgcc.a

.hash
 *(.hash)

.dynsym
 *(.dynsym)

.dynstr
 *(.dynstr)

.gnu.version
 *(.gnu.version)

.gnu.version_d
 *(.gnu.version_d)

.gnu.version_r
 *(.gnu.version_r)

.rel.init
 *(.rel.init)

.rela.init
 *(.rela.init)

.rel.text
 *(.rel.text)
 *(.rel.text.*)
 *(.rel.gnu.linkonce.t*)

.rela.text
 *(.rela.text)
 *(.rela.text.*)
 *(.rela.gnu.linkonce.t*)

.rel.fini
 *(.rel.fini)

.rela.fini
 *(.rela.fini)

.rel.rodata
 *(.rel.rodata)
 *(.rel.rodata.*)
 *(.rel.gnu.linkonce.r*)

.rela.rodata
 *(.rela.rodata)
 *(.rela.rodata.*)
 *(.rela.gnu.linkonce.r*)

.rel.data
 *(.rel.data)
 *(.rel.data.*)
 *(.rel.gnu.linkonce.d*)

.rela.data
 *(.rela.data)
 *(.rela.data.*)
 *(.rela.gnu.linkonce.d*)

.rel.ctors
 *(.rel.ctors)

.rela.ctors
 *(.rela.ctors)

.rel.dtors
 *(.rel.dtors)

.rela.dtors
 *(.rela.dtors)

.rel.got
 *(.rel.got)

.rela.got
 *(.rela.got)

.rel.bss
 *(.rel.bss)

.rela.bss
 *(.rela.bss)

.rel.plt
 *(.rel.plt)

.rela.plt
 *(.rela.plt)

.text           0x00000000     0x5b98
 *(.vectors)
 .vectors       0x00000000       0xac /usr/local/CrossPack-AVR-20100115/lib/gcc/avr/4.3.3/../../../../avr/lib/avr5/crtm32u4.o
                0x00000000                __vectors
                0x00000000                __vector_default
 *(.vectors)
 *(.progmem.gcc*)
 *(.progmem*)
 .progmem.data  0x000000ac       0x31 OLED.o
                0x000000ac                _SSD1332
 .progmem.data  0x000000dd     0x1700 Tunnel.o
                0x00000cdd                _pal
                0x0000179d                _pattern4
                0x0000171d                _pattern2
                0x00000edd                Cell16x16
                0x0000175d                _pattern3
                0x000000dd                _tunnel
                0x000016dd                _pattern1
 .progmem.data  0x000017dd     0x2480 Doomed.o
                0x00003c1d                _map
                0x000017dd                textures32
                0x000039dd                textures32_pal_dark
                0x000037dd                textures32_pal
                0x00003bdd                _trig
                0x00003c5e                . = ALIGN (0x2)
 *fill*         0x00003c5d        0x1 00
                0x00003c5e                __trampolines_start = .
 *(.trampolines)
 .trampolines   0x00003c5e        0x0 linker stubs
 *(.trampolines*)
                0x00003c5e                __trampolines_end = .
 *(.jumptables)
 *(.jumptables*)
 *(.lowtext)
 *(.lowtext*)
                0x00003c5e                __ctors_start = .
 *(.ctors)
                0x00003c5e                __ctors_end = .
                0x00003c5e                __dtors_start = .
 *(.dtors)
                0x00003c5e                __dtors_end = .
 SORT(*)(.ctors)
 SORT(*)(.dtors)
 *(.init0)
 .init0         0x00003c5e        0x0 /usr/local/CrossPack-AVR-20100115/lib/gcc/avr/4.3.3/../../../../avr/lib/avr5/crtm32u4.o
                0x00003c5e                __init
 *(.init0)
 *(.init1)
 *(.init1)
 *(.init2)
 .init2         0x00003c5e        0xc /usr/local/CrossPack-AVR-20100115/lib/gcc/avr/4.3.3/../../../../avr/lib/avr5/crtm32u4.o
 *(.init2)
 *(.init3)
 *(.init3)
 *(.init4)
 .init4         0x00003c6a       0x16 /usr/local/CrossPack-AVR-20100115/lib/gcc/avr/4.3.3/avr5/libgcc.a(_copy_data.o)
                0x00003c6a                __do_copy_data
 .init4         0x00003c80       0x10 /usr/local/CrossPack-AVR-20100115/lib/gcc/avr/4.3.3/avr5/libgcc.a(_clear_bss.o)
                0x00003c80                __do_clear_bss
 *(.init4)
 *(.init5)
 *(.init5)
 *(.init6)
 *(.init6)
 *(.init7)
 *(.init7)
 *(.init8)
 *(.init8)
 *(.init9)
 .init9         0x00003c90        0x8 /usr/local/CrossPack-AVR-20100115/lib/gcc/avr/4.3.3/../../../../avr/lib/avr5/crtm32u4.o
 *(.init9)
 *(.text)
 .text          0x00003c98        0x4 /usr/local/CrossPack-AVR-20100115/lib/gcc/avr/4.3.3/../../../../avr/lib/avr5/crtm32u4.o
                0x00003c98                __vector_38
                0x00003c98                __vector_22
                0x00003c98                __vector_28
                0x00003c98                __vector_1
                0x00003c98                __vector_32
                0x00003c98                __vector_34
                0x00003c98                __vector_24
                0x00003c98                __vector_12
                0x00003c98                __bad_interrupt
                0x00003c98                __vector_6
                0x00003c98                __vector_31
                0x00003c98                __vector_35
                0x00003c98                __vector_39
                0x00003c98                __vector_3
                0x00003c98                __vector_23
                0x00003c98                __vector_30
                0x00003c98                __vector_25
                0x00003c98                __vector_11
                0x00003c98                __vector_13
                0x00003c98                __vector_17
                0x00003c98                __vector_19
                0x00003c98                __vector_7
                0x00003c98                __vector_41
                0x00003c98                __vector_27
                0x00003c98                __vector_5
                0x00003c98                __vector_33
                0x00003c98                __vector_37
                0x00003c98                __vector_4
                0x00003c98                __vector_9
                0x00003c98                __vector_2
                0x00003c98                __vector_21
                0x00003c98                __vector_15
                0x00003c98                __vector_36
                0x00003c98                __vector_29
                0x00003c98                __vector_40
                0x00003c98                __vector_8
                0x00003c98                __vector_26
                0x00003c98                __vector_14
                0x00003c98                __vector_10
                0x00003c98                __vector_16
                0x00003c98                __vector_18
                0x00003c98                __vector_20
                0x00003c98                __vector_42
                0x00003c9c                . = ALIGN (0x2)
 *(.text.*)
 .text._Z8shutdownv
                0x00003c9c        0x4 Nanotouch.o
                0x00003c9c                shutdown()
 .text.main     0x00003ca0       0x3a Nanotouch.o
                0x00003ca0                main
 .text._Z6ComOuth
                0x00003cda       0x10 OLED.o
                0x00003cda                ComOut(unsigned char)
 .text._Z7Initialv
                0x00003cea       0x3c OLED.o
                0x00003cea                Initial()
 .text._Z15OLED_FrameBeginv
                0x00003d26       0x26 OLED.o
                0x00003d26                OLED_FrameBegin()
 .text._Z9Rectanglehhhhhhh
                0x00003d4c       0xa2 OLED.o
                0x00003d4c                Rectangle(unsigned char, unsigned char, unsigned char, unsigned char, unsigned char, unsigned char, unsigned char)
 .text._Z9OLED_Initv
                0x00003dee       0x24 OLED.o
                0x00003dee                OLED_Init()
 .text._Z11OLED_PixelsPKhi
                0x00003e12       0x4a OLED.o
                0x00003e12                OLED_Pixels(unsigned char const*, int)
 .text._Z11BlitPalettehPhS_
                0x00003e5c       0x30 OLED.o
                0x00003e5c                BlitPalette(unsigned char, unsigned char*, unsigned char*)
 .text._Z8OLED_RowhPhS_
                0x00003e8c       0x4a OLED.o
                0x00003e8c                OLED_Row(unsigned char, unsigned char*, unsigned char*)
 .text._Z10OLED_SlicehPhS_
                0x00003ed6       0x4a OLED.o
                0x00003ed6                OLED_Slice(unsigned char, unsigned char*, unsigned char*)
 .text._ZL15spiTransferLongm
                0x00003f20       0x2a mmc.o
 .text._ZL12deselectCardv
                0x00003f4a       0x18 mmc.o
 .text._ZL10crc7updatehh
                0x00003f62       0x48 mmc.o
 .text._ZN3mmc11sendCommandEhmh
                0x00003faa       0xc4 mmc.o
                0x00003faa                mmc::sendCommand(unsigned char, unsigned long, unsigned char)
 .text._ZN3mmc10initializeEv
                0x0000406e       0xe6 mmc.o
                0x0000406e                mmc::initialize()
 .text._ZN3mmc11readSectorsEPhmh
                0x00004154       0xee mmc.o
                0x00004154                mmc::readSectors(unsigned char*, unsigned long, unsigned char)
 .text._ZN9microfat210initializeEPhPFhS0_mhE
                0x00004242      0x108 microfat2.o
                0x00004242                microfat2::initialize(unsigned char*, unsigned char (*)(unsigned char*, unsigned long, unsigned char))
 .text._ZN9microfat213walkDirectoryEPFbP17directory_entry_tjPvES2_
                0x0000434a       0xe2 microfat2.o
                0x0000434a                microfat2::walkDirectory(bool (*)(directory_entry_t*, unsigned int, void*), void*)
 .text._ZL7locatorP17directory_entry_tjPv
                0x0000442c       0xb8 microfat2.o
 .text._ZN9microfat215locateFileStartEPKcRmS2_Ph
                0x000044e4       0x84 microfat2.o
                0x000044e4                microfat2::locateFileStart(char const*, unsigned long&, unsigned long&, unsigned char*)
 .text._ZN8AppState4LoadEPKci
                0x00004568      0x1e6 Application.o
                0x00004568                AppState::Load(char const*, int)
 .text._ZN8AppState3NavEh
                0x0000474e      0x136 Application.o
                0x0000474e                AppState::Nav(unsigned char)
 .text._ZN8AppState9CodeEventEv
                0x00004884       0xc8 Application.o
                0x00004884                AppState::CodeEvent()
 .text._ZN8AppState9NextFrameEv
                0x0000494c      0x240 Application.o
                0x0000494c                AppState::NextFrame()
 .text._ZN11Application4LoopEh
                0x00004b8c       0x82 Application.o
                0x00004b8c                Application::Loop(unsigned char)
 .text._ZN11Application4InitEv
                0x00004c0e       0x92 Application.o
                0x00004c0e                Application::Init()
 .text._ZN4FileC1Ev
                0x00004ca0       0x34 File.o
                0x00004ca0                File::File()
 .text._ZN4File13GetFileLengthEv
                0x00004cd4       0x10 File.o
                0x00004cd4                File::GetFileLength()
 .text._Z6readerPhmh
                0x00004ce4        0x6 File.o
                0x00004ce4                reader(unsigned char*, unsigned long, unsigned char)
 .text._Z10readSectorlPh
                0x00004cea       0x1a File.o
                0x00004cea                readSector(long, unsigned char*)
 .text._ZN4File4LoadEl
                0x00004d04       0x98 File.o
                0x00004d04                File::Load(long)
 .text._ZN4File6SetPosEl
                0x00004d9c       0x44 File.o
                0x00004d9c                File::SetPos(long)
 .text._ZN4File9GetBufferEPi
                0x00004de0       0x68 File.o
                0x00004de0                File::GetBuffer(int*)
 .text._ZN4File8ReadByteEv
                0x00004e48       0x54 File.o
                0x00004e48                File::ReadByte()
 .text._ZN4File4ReadEPvi
                0x00004e9c       0x46 File.o
                0x00004e9c                File::Read(void*, int)
 .text._ZN4File4OpenEPKc
                0x00004ee2       0x34 File.o
                0x00004ee2                File::Open(char const*)
 .text._ZN6Tunnel10RenderLineEPKhih
                0x00004f16      0x206 Tunnel.o
                0x00004f16                Tunnel::RenderLine(unsigned char const*, int, unsigned char)
 .text._Z11TunnelEventR8KeyEvent
                0x0000511c      0x160 Tunnel.o
                0x0000511c                TunnelEvent(KeyEvent&)
 .text._Z3SINh  0x0000527c       0x3e Doomed.o
                0x0000527c                SIN(unsigned char)
 .text._Z3COSh  0x000052ba        0x8 Doomed.o
                0x000052ba                COS(unsigned char)
 .text._Z5RECIPs
                0x000052c2       0x38 Doomed.o
                0x000052c2                RECIP(short)
 .text._ZN6Doomed6InWallEss
                0x000052fa       0x7a Doomed.o
                0x000052fa                Doomed::InWall(short, short)
 .text._Z9DoomEventR8KeyEvent
                0x00005374      0x6ee Doomed.o
                0x00005374                DoomEvent(KeyEvent&)
 .text.libgcc   0x00005a62       0x3e /usr/local/CrossPack-AVR-20100115/lib/gcc/avr/4.3.3/avr5/libgcc.a(_mulsi3.o)
                0x00005a62                __mulsi3
 .text.libgcc   0x00005aa0       0x26 /usr/local/CrossPack-AVR-20100115/lib/gcc/avr/4.3.3/avr5/libgcc.a(_divmodhi4.o)
                0x00005aa0                __divmodhi4
                0x00005aa0                _div
 .text.libgcc   0x00005ac6       0x44 /usr/local/CrossPack-AVR-20100115/lib/gcc/avr/4.3.3/avr5/libgcc.a(_udivmodsi4.o)
                0x00005ac6                __udivmodsi4
 .text.libgcc   0x00005b0a       0x36 /usr/local/CrossPack-AVR-20100115/lib/gcc/avr/4.3.3/avr5/libgcc.a(_divmodsi4.o)
                0x00005b0a                __divmodsi4
 .text.libgcc   0x00005b40       0x28 /usr/local/CrossPack-AVR-20100115/lib/gcc/avr/4.3.3/avr5/libgcc.a(_udivmodhi4.o)
                0x00005b40                __udivmodhi4
 .text.avr-libc
                0x00005b68        0xe /usr/local/CrossPack-AVR-20100115/lib/gcc/avr/4.3.3/../../../../avr/lib/avr5/libc.a(strcpy.o)
                0x00005b68                strcpy
 .text.avr-libc
                0x00005b76       0x1e /usr/local/CrossPack-AVR-20100115/lib/gcc/avr/4.3.3/../../../../avr/lib/avr5/libc.a(strncpy.o)
                0x00005b76                strncpy
                0x00005b94                . = ALIGN (0x2)
 *(.fini9)
 .fini9         0x00005b94        0x0 /usr/local/CrossPack-AVR-20100115/lib/gcc/avr/4.3.3/avr5/libgcc.a(_exit.o)
                0x00005b94                exit
                0x00005b94                _exit
 *(.fini9)
 *(.fini8)
 *(.fini8)
 *(.fini7)
 *(.fini7)
 *(.fini6)
 *(.fini6)
 *(.fini5)
 *(.fini5)
 *(.fini4)
 *(.fini4)
 *(.fini3)
 *(.fini3)
 *(.fini2)
 *(.fini2)
 *(.fini1)
 *(.fini1)
 *(.fini0)
 .fini0         0x00005b94        0x4 /usr/local/CrossPack-AVR-20100115/lib/gcc/avr/4.3.3/avr5/libgcc.a(_exit.o)
 *(.fini0)
                0x00005b98                _etext = .

.data           0x00800100       0x14 load address 0x00005b98
                0x00800100                PROVIDE (__data_start, .)
 *(.data)
 .data          0x00800100       0x14 Application.o
 *(.data*)
 *(.rodata)
 *(.rodata*)
 *(.gnu.linkonce.d*)
                0x00800114                . = ALIGN (0x2)
                0x00800114                _edata = .
                0x00800114                PROVIDE (__data_end, .)

.bss            0x00800114      0x12e
                0x00800114                PROVIDE (__bss_start, .)
 *(.bss)
 .bss           0x00800114        0x2 mmc.o
 .bss           0x00800116       0x30 microfat2.o
                0x00800116                _last_directory_entry
 .bss           0x00800146       0xad Application.o
                0x00800146                _appState
 .bss           0x008001f3       0x46 Tunnel.o
                0x008001f3                _tunnelInstance
 .bss           0x00800239        0x9 Doomed.o
                0x00800239                _doomedInstance
 *(.bss*)
 *(COMMON)
                0x00800242                PROVIDE (__bss_end, .)
                0x00005b98                __data_load_start = LOADADDR (.data)
                0x00005bac                __data_load_end = (__data_load_start + SIZEOF (.data))

.noinit         0x00800242        0x0
                0x00800242                PROVIDE (__noinit_start, .)
 *(.noinit*)
                0x00800242                PROVIDE (__noinit_end, .)
                0x00800242                _end = .
                0x00800242                PROVIDE (__heap_start, .)

.eeprom         0x00810000        0x0
 *(.eeprom*)
                0x00810000                __eeprom_end = .

.fuse
 *(.fuse)
 *(.lfuse)
 *(.hfuse)
 *(.efuse)

.lock
 *(.lock*)

.signature
 *(.signature*)

.stab           0x00000000      0x7ec
 *(.stab)
 .stab          0x00000000      0x6b4 /usr/local/CrossPack-AVR-20100115/lib/gcc/avr/4.3.3/../../../../avr/lib/avr5/crtm32u4.o
 .stab          0x000006b4       0x6c /usr/local/CrossPack-AVR-20100115/lib/gcc/avr/4.3.3/../../../../avr/lib/avr5/libc.a(strcpy.o)
                                 0x78 (size before relaxing)
 .stab          0x00000720       0xcc /usr/local/CrossPack-AVR-20100115/lib/gcc/avr/4.3.3/../../../../avr/lib/avr5/libc.a(strncpy.o)
                                 0xd8 (size before relaxing)

.stabstr        0x00000000      0x13b
 *(.stabstr)
 .stabstr       0x00000000      0x13b /usr/local/CrossPack-AVR-20100115/lib/gcc/avr/4.3.3/../../../../avr/lib/avr5/crtm32u4.o

.stab.excl
 *(.stab.excl)

.stab.exclstr
 *(.stab.exclstr)

.stab.index
 *(.stab.index)

.stab.indexstr
 *(.stab.indexstr)

.comment
 *(.comment)

.debug
 *(.debug)

.line
 *(.line)

.debug_srcinfo
 *(.debug_srcinfo)

.debug_sfnames
 *(.debug_sfnames)

.debug_aranges  0x00000000      0x270
 *(.debug_aranges)
 .debug_aranges
                0x00000000       0x28 Nanotouch.o
 .debug_aranges
                0x00000028       0x78 OLED.o
 .debug_aranges
                0x000000a0       0x50 mmc.o
 .debug_aranges
                0x000000f0       0x40 microfat2.o
 .debug_aranges
                0x00000130       0x48 Application.o
 .debug_aranges
                0x00000178       0x88 File.o
 .debug_aranges
                0x00000200       0x28 Tunnel.o
 .debug_aranges
                0x00000228       0x48 Doomed.o

.debug_pubnames
                0x00000000      0x4b4
 *(.debug_pubnames)
 .debug_pubnames
                0x00000000       0x28 Nanotouch.o
 .debug_pubnames
                0x00000028       0xc9 OLED.o
 .debug_pubnames
                0x000000f1       0x52 mmc.o
 .debug_pubnames
                0x00000143       0x78 microfat2.o
 .debug_pubnames
                0x000001bb       0xa1 Application.o
 .debug_pubnames
                0x0000025c       0xf9 File.o
 .debug_pubnames
                0x00000355       0xa8 Tunnel.o
 .debug_pubnames
                0x000003fd       0xb7 Doomed.o

.debug_info     0x00000000     0x3aa1
 *(.debug_info)
 .debug_info    0x00000000       0xf4 Nanotouch.o
 .debug_info    0x000000f4      0x5f1 OLED.o
 .debug_info    0x000006e5      0x791 mmc.o
 .debug_info    0x00000e76      0x802 microfat2.o
 .debug_info    0x00001678      0xc41 Application.o
 .debug_info    0x000022b9      0x69e File.o
 .debug_info    0x00002957      0x6df Tunnel.o
 .debug_info    0x00003036      0xa6b Doomed.o
 *(.gnu.linkonce.wi.*)

.debug_abbrev   0x00000000     0x12fb
 *(.debug_abbrev)
 .debug_abbrev  0x00000000       0x92 Nanotouch.o
 .debug_abbrev  0x00000092      0x1c9 OLED.o
 .debug_abbrev  0x0000025b      0x308 mmc.o
 .debug_abbrev  0x00000563      0x244 microfat2.o
 .debug_abbrev  0x000007a7      0x3a4 Application.o
 .debug_abbrev  0x00000b4b      0x22c File.o
 .debug_abbrev  0x00000d77      0x25b Tunnel.o
 .debug_abbrev  0x00000fd2      0x329 Doomed.o

.debug_line     0x00000000     0x1f6b
 *(.debug_line)
 .debug_line    0x00000000       0xbf Nanotouch.o
 .debug_line    0x000000bf      0x58e OLED.o
 .debug_line    0x0000064d      0x6a0 mmc.o
 .debug_line    0x00000ced      0x2a0 microfat2.o
 .debug_line    0x00000f8d      0x49b Application.o
 .debug_line    0x00001428      0x334 File.o
 .debug_line    0x0000175c      0x308 Tunnel.o
 .debug_line    0x00001a64      0x507 Doomed.o

.debug_frame    0x00000000      0x3e0
 *(.debug_frame)
 .debug_frame   0x00000000       0x30 Nanotouch.o
 .debug_frame   0x00000030       0xd0 OLED.o
 .debug_frame   0x00000100       0x80 mmc.o
 .debug_frame   0x00000180       0x60 microfat2.o
 .debug_frame   0x000001e0       0x70 Application.o
 .debug_frame   0x00000250       0xf0 File.o
 .debug_frame   0x00000340       0x30 Tunnel.o
 .debug_frame   0x00000370       0x70 Doomed.o

.debug_str      0x00000000     0x1103
 *(.debug_str)
 .debug_str     0x00000000       0xe0 Nanotouch.o
                                0x119 (size before relaxing)
 .debug_str     0x000000e0      0x1d6 OLED.o
                                0x2d8 (size before relaxing)
 .debug_str     0x000002b6      0x20e mmc.o
                                0x32b (size before relaxing)
 .debug_str     0x000004c4      0x44b microfat2.o
                                0x590 (size before relaxing)
 .debug_str     0x0000090f      0x4ca Application.o
                                0x634 (size before relaxing)
 .debug_str     0x00000dd9       0x26 File.o
                                0x2f4 (size before relaxing)
 .debug_str     0x00000dff      0x16d Tunnel.o
                                0x2ed (size before relaxing)
 .debug_str     0x00000f6c      0x197 Doomed.o
                                0x319 (size before relaxing)

.debug_loc      0x00000000     0x20aa
 *(.debug_loc)
 .debug_loc     0x00000000      0x54b OLED.o
 .debug_loc     0x0000054b      0x58d mmc.o
 .debug_loc     0x00000ad8      0x2d4 microfat2.o
 .debug_loc     0x00000dac      0x3d2 Application.o
 .debug_loc     0x0000117e      0x4ad File.o
 .debug_loc     0x0000162b      0x372 Tunnel.o
 .debug_loc     0x0000199d      0x70d Doomed.o

.debug_macinfo
 *(.debug_macinfo)
OUTPUT(Nanotouch.elf elf32-avr)
LOAD linker stubs

.debug_ranges   0x00000000      0x420
 .debug_ranges  0x00000000       0x20 Nanotouch.o
 .debug_ranges  0x00000020       0x70 OLED.o
 .debug_ranges  0x00000090       0xe0 mmc.o
 .debug_ranges  0x00000170       0x38 microfat2.o
 .debug_ranges  0x000001a8       0xd0 Application.o
 .debug_ranges  0x00000278       0x80 File.o
 .debug_ranges  0x000002f8       0x20 Tunnel.o
 .debug_ranges  0x00000318      0x108 Doomed.o
